V10: input audit passed
tuning population: Brier=0.16589037
tuning scalar_r0.2: Brier=0.16270323
tuning direct_r0.2: Brier=0.16332984
tuning lif_direct_t5.0_g0.1_r0.2: Brier=0.16455119
tuning lif_stdp_t5.0_g0.1_r0.2: Brier=0.16290982
tuning lif_rstdp_t5.0_g0.1_r0.2: Brier=0.16589037
tuning lif_direct_t20.0_g0.03_r0.2: Brier=0.16430678
tuning lif_stdp_t20.0_g0.03_r0.2: Brier=0.16589602
tuning lif_rstdp_t20.0_g0.03_r0.2: Brier=0.16484044
tuning lif_direct_t20.0_g0.1_r0.2: Brier=0.16461816
tuning lif_stdp_t20.0_g0.1_r0.2: Brier=0.16120019
tuning lif_rstdp_t20.0_g0.1_r0.2: Brier=0.16589037
tuning lif_direct_t20.0_g0.3_r0.2: Brier=0.16468005
tuning lif_stdp_t20.0_g0.3_r0.2: Brier=0.16084381
tuning lif_rstdp_t20.0_g0.3_r0.2: Brier=0.16589037
tuning lif_direct_t80.0_g0.1_r0.2: Brier=0.16463039
tuning lif_stdp_t80.0_g0.1_r0.2: Brier=0.16125191
tuning lif_rstdp_t80.0_g0.1_r0.2: Brier=0.16589037
tuning scalar_r0.8: Brier=0.16198328
tuning direct_r0.8: Brier=0.16220953
tuning lif_direct_t5.0_g0.1_r0.8: Brier=0.16228618
tuning lif_stdp_t5.0_g0.1_r0.8: Brier=0.16270089
tuning lif_rstdp_t5.0_g0.1_r0.8: Brier=0.16589037
tuning lif_direct_t20.0_g0.03_r0.8: Brier=0.16205045
tuning lif_stdp_t20.0_g0.03_r0.8: Brier=0.16590943
tuning lif_rstdp_t20.0_g0.03_r0.8: Brier=0.16271534
tuning lif_direct_t20.0_g0.1_r0.8: Brier=0.16235335
tuning lif_stdp_t20.0_g0.1_r0.8: Brier=0.16138146
tuning lif_rstdp_t20.0_g0.1_r0.8: Brier=0.16589037
tuning lif_direct_t20.0_g0.3_r0.8: Brier=0.16240862
tuning lif_stdp_t20.0_g0.3_r0.8: Brier=0.16148228
tuning lif_rstdp_t20.0_g0.3_r0.8: Brier=0.16589037
tuning lif_direct_t80.0_g0.1_r0.8: Brier=0.16237129
tuning lif_stdp_t80.0_g0.1_r0.8: Brier=0.16128809
tuning lif_rstdp_t80.0_g0.1_r0.8: Brier=0.16589037
V10: configuration and thresholds frozen
development population: Brier=0.17320829
development scalar: Brier=0.16919912
development direct: Brier=0.16984135
development lif_direct: Brier=0.17074398
development lif_stdp: Brier=0.16933951
development lif_rstdp: Brier=0.17168093
development lif_direct_matched: Brier=0.17074398
development lif_stdp_matched: Brier=0.17297392
scenario stable complete
scenario abrupt complete
scenario gradual complete
scenario transient complete
scenario noise15 complete
scenario delay72 complete
scenario report50 complete
scenario report10 complete
V10 complete: /Users/gurutom/Develop/NutriFit/apps/craving-engine/results/v10/run-20261007
